[2026-07-10 14:50:51:5051] [ERROR]  ❌ Failed to establish database connection on startup: 
Invalid `prisma.$queryRaw()` invocation:


Authentication failed against database server at `localhost`, the provided database credentials for `postgres` are not valid.

Please make sure to provide valid database credentials for the database server at `localhost`.
PrismaClientInitializationError: 
Invalid `prisma.$queryRaw()` invocation:


Authentication failed against database server at `localhost`, the provided database credentials for `postgres` are not valid.

Please make sure to provide valid database credentials for the database server at `localhost`.
    at $n.handleRequestError (C:\Users\swapn\OneDrive\Desktop\vertigo-ai\node_modules\@prisma\client\runtime\library.js:121:7615)
    at $n.handleAndLogRequestError (C:\Users\swapn\OneDrive\Desktop\vertigo-ai\node_modules\@prisma\client\runtime\library.js:121:6623)
    at $n.request (C:\Users\swapn\OneDrive\Desktop\vertigo-ai\node_modules\@prisma\client\runtime\library.js:121:6307)
    at l (C:\Users\swapn\OneDrive\Desktop\vertigo-ai\node_modules\@prisma\client\runtime\library.js:130:9633)
    at Server.<anonymous> (C:\Users\swapn\OneDrive\Desktop\vertigo-ai\src\server.ts:12:5)
[2026-07-10 15:10:06:106] [ERROR]  ❌ Failed to establish database connection on startup: 
Invalid `prisma.$queryRaw()` invocation:


Authentication failed against database server at `localhost`, the provided database credentials for `postgres` are not valid.

Please make sure to provide valid database credentials for the database server at `localhost`.
PrismaClientInitializationError: 
Invalid `prisma.$queryRaw()` invocation:


Authentication failed against database server at `localhost`, the provided database credentials for `postgres` are not valid.

Please make sure to provide valid database credentials for the database server at `localhost`.
    at $n.handleRequestError (C:\Users\swapn\OneDrive\Desktop\vertigo-ai\node_modules\@prisma\client\runtime\library.js:121:7615)
    at $n.handleAndLogRequestError (C:\Users\swapn\OneDrive\Desktop\vertigo-ai\node_modules\@prisma\client\runtime\library.js:121:6623)
    at $n.request (C:\Users\swapn\OneDrive\Desktop\vertigo-ai\node_modules\@prisma\client\runtime\library.js:121:6307)
    at l (C:\Users\swapn\OneDrive\Desktop\vertigo-ai\node_modules\@prisma\client\runtime\library.js:130:9633)
    at Server.<anonymous> (C:\Users\swapn\OneDrive\Desktop\vertigo-ai\src\server.ts:12:5)
[2026-07-10 15:12:07:127] [ERROR]  ❌ Failed to establish database connection on startup: 
Invalid `prisma.$queryRaw()` invocation:


Authentication failed against database server at `localhost`, the provided database credentials for `postgres` are not valid.

Please make sure to provide valid database credentials for the database server at `localhost`.
PrismaClientInitializationError: 
Invalid `prisma.$queryRaw()` invocation:


Authentication failed against database server at `localhost`, the provided database credentials for `postgres` are not valid.

Please make sure to provide valid database credentials for the database server at `localhost`.
    at $n.handleRequestError (C:\Users\swapn\OneDrive\Desktop\vertigo-ai\node_modules\@prisma\client\runtime\library.js:121:7615)
    at $n.handleAndLogRequestError (C:\Users\swapn\OneDrive\Desktop\vertigo-ai\node_modules\@prisma\client\runtime\library.js:121:6623)
    at $n.request (C:\Users\swapn\OneDrive\Desktop\vertigo-ai\node_modules\@prisma\client\runtime\library.js:121:6307)
    at l (C:\Users\swapn\OneDrive\Desktop\vertigo-ai\node_modules\@prisma\client\runtime\library.js:130:9633)
    at Server.<anonymous> (C:\Users\swapn\OneDrive\Desktop\vertigo-ai\src\server.ts:12:5)
[2026-07-10 15:42:33:4233] [ERROR]  ❌ Failed to send email to [test_integration@vertigo.ai]: Invalid login: 535 5.7.0 Invalid credentials
Error: Invalid login: 535 5.7.0 Invalid credentials
    at SMTPConnection._formatError (C:\Users\swapn\OneDrive\Desktop\vertigo-ai\node_modules\nodemailer\lib\smtp-connection\index.js:809:19)
    at SMTPConnection._actionAUTHComplete (C:\Users\swapn\OneDrive\Desktop\vertigo-ai\node_modules\nodemailer\lib\smtp-connection\index.js:1588:34)
    at SMTPConnection.<anonymous> (C:\Users\swapn\OneDrive\Desktop\vertigo-ai\node_modules\nodemailer\lib\smtp-connection\index.js:556:26)
    at SMTPConnection._processResponse (C:\Users\swapn\OneDrive\Desktop\vertigo-ai\node_modules\nodemailer\lib\smtp-connection\index.js:993:20)
    at SMTPConnection._onData (C:\Users\swapn\OneDrive\Desktop\vertigo-ai\node_modules\nodemailer\lib\smtp-connection\index.js:774:14)
    at TLSSocket.SMTPConnection._onSocketData (C:\Users\swapn\OneDrive\Desktop\vertigo-ai\node_modules\nodemailer\lib\smtp-connection\index.js:195:44)
    at TLSSocket.emit (node:events:508:28)
    at addChunk (node:internal/streams/readable:559:12)
    at readableAddChunkPushByteMode (node:internal/streams/readable:510:3)
    at TLSSocket.Readable.push (node:internal/streams/readable:390:5)
[2026-07-10 20:04:01:41] [ERROR]  ❌ Failed to send email to [test_integration@vertigo.ai]: Invalid login: 535 5.7.0 Invalid credentials
Error: Invalid login: 535 5.7.0 Invalid credentials
    at SMTPConnection._formatError (C:\Users\swapn\OneDrive\Desktop\vertigo-ai\node_modules\nodemailer\lib\smtp-connection\index.js:809:19)
    at SMTPConnection._actionAUTHComplete (C:\Users\swapn\OneDrive\Desktop\vertigo-ai\node_modules\nodemailer\lib\smtp-connection\index.js:1588:34)
    at SMTPConnection.<anonymous> (C:\Users\swapn\OneDrive\Desktop\vertigo-ai\node_modules\nodemailer\lib\smtp-connection\index.js:556:26)
    at SMTPConnection._processResponse (C:\Users\swapn\OneDrive\Desktop\vertigo-ai\node_modules\nodemailer\lib\smtp-connection\index.js:993:20)
    at SMTPConnection._onData (C:\Users\swapn\OneDrive\Desktop\vertigo-ai\node_modules\nodemailer\lib\smtp-connection\index.js:774:14)
    at TLSSocket.SMTPConnection._onSocketData (C:\Users\swapn\OneDrive\Desktop\vertigo-ai\node_modules\nodemailer\lib\smtp-connection\index.js:195:44)
    at TLSSocket.emit (node:events:508:28)
    at addChunk (node:internal/streams/readable:559:12)
    at readableAddChunkPushByteMode (node:internal/streams/readable:510:3)
    at TLSSocket.Readable.push (node:internal/streams/readable:390:5)
[2026-07-10 20:21:43:2143] [ERROR]  ❌ Failed to send email to [test_integration2@vertigo.ai]: Invalid login: 535 5.7.0 Invalid credentials
Error: Invalid login: 535 5.7.0 Invalid credentials
    at SMTPConnection._formatError (C:\Users\swapn\OneDrive\Desktop\vertigo-ai\node_modules\nodemailer\lib\smtp-connection\index.js:809:19)
    at SMTPConnection._actionAUTHComplete (C:\Users\swapn\OneDrive\Desktop\vertigo-ai\node_modules\nodemailer\lib\smtp-connection\index.js:1588:34)
    at SMTPConnection.<anonymous> (C:\Users\swapn\OneDrive\Desktop\vertigo-ai\node_modules\nodemailer\lib\smtp-connection\index.js:556:26)
    at SMTPConnection._processResponse (C:\Users\swapn\OneDrive\Desktop\vertigo-ai\node_modules\nodemailer\lib\smtp-connection\index.js:993:20)
    at SMTPConnection._onData (C:\Users\swapn\OneDrive\Desktop\vertigo-ai\node_modules\nodemailer\lib\smtp-connection\index.js:774:14)
    at TLSSocket.SMTPConnection._onSocketData (C:\Users\swapn\OneDrive\Desktop\vertigo-ai\node_modules\nodemailer\lib\smtp-connection\index.js:195:44)
    at TLSSocket.emit (node:events:508:28)
    at addChunk (node:internal/streams/readable:559:12)
    at readableAddChunkPushByteMode (node:internal/streams/readable:510:3)
    at TLSSocket.Readable.push (node:internal/streams/readable:390:5)
[2026-07-10 20:25:48:2548] [ERROR]  ❌ Failed to send email to [test_integration4@vertigo.ai]: Invalid login: 535 5.7.0 Invalid credentials
Error: Invalid login: 535 5.7.0 Invalid credentials
    at SMTPConnection._formatError (C:\Users\swapn\OneDrive\Desktop\vertigo-ai\node_modules\nodemailer\lib\smtp-connection\index.js:809:19)
    at SMTPConnection._actionAUTHComplete (C:\Users\swapn\OneDrive\Desktop\vertigo-ai\node_modules\nodemailer\lib\smtp-connection\index.js:1588:34)
    at SMTPConnection.<anonymous> (C:\Users\swapn\OneDrive\Desktop\vertigo-ai\node_modules\nodemailer\lib\smtp-connection\index.js:556:26)
    at SMTPConnection._processResponse (C:\Users\swapn\OneDrive\Desktop\vertigo-ai\node_modules\nodemailer\lib\smtp-connection\index.js:993:20)
    at SMTPConnection._onData (C:\Users\swapn\OneDrive\Desktop\vertigo-ai\node_modules\nodemailer\lib\smtp-connection\index.js:774:14)
    at TLSSocket.SMTPConnection._onSocketData (C:\Users\swapn\OneDrive\Desktop\vertigo-ai\node_modules\nodemailer\lib\smtp-connection\index.js:195:44)
    at TLSSocket.emit (node:events:508:28)
    at addChunk (node:internal/streams/readable:559:12)
    at readableAddChunkPushByteMode (node:internal/streams/readable:510:3)
    at TLSSocket.Readable.push (node:internal/streams/readable:390:5)
[2026-07-10 20:36:22:3622] [ERROR]  ❌ Failed to send email to [test_integration5@vertigo.ai]: Invalid login: 535 5.7.0 Invalid credentials
Error: Invalid login: 535 5.7.0 Invalid credentials
    at SMTPConnection._formatError (C:\Users\swapn\OneDrive\Desktop\vertigo-ai\node_modules\nodemailer\lib\smtp-connection\index.js:809:19)
    at SMTPConnection._actionAUTHComplete (C:\Users\swapn\OneDrive\Desktop\vertigo-ai\node_modules\nodemailer\lib\smtp-connection\index.js:1588:34)
    at SMTPConnection.<anonymous> (C:\Users\swapn\OneDrive\Desktop\vertigo-ai\node_modules\nodemailer\lib\smtp-connection\index.js:556:26)
    at SMTPConnection._processResponse (C:\Users\swapn\OneDrive\Desktop\vertigo-ai\node_modules\nodemailer\lib\smtp-connection\index.js:993:20)
    at SMTPConnection._onData (C:\Users\swapn\OneDrive\Desktop\vertigo-ai\node_modules\nodemailer\lib\smtp-connection\index.js:774:14)
    at TLSSocket.SMTPConnection._onSocketData (C:\Users\swapn\OneDrive\Desktop\vertigo-ai\node_modules\nodemailer\lib\smtp-connection\index.js:195:44)
    at TLSSocket.emit (node:events:508:28)
    at addChunk (node:internal/streams/readable:559:12)
    at readableAddChunkPushByteMode (node:internal/streams/readable:510:3)
    at TLSSocket.Readable.push (node:internal/streams/readable:390:5)
[2026-07-10 20:41:38:4138] [ERROR]  ❌ Failed to send email to [test_integration5@vertigo.ai]: Invalid login: 535 5.7.0 Invalid credentials
Error: Invalid login: 535 5.7.0 Invalid credentials
    at SMTPConnection._formatError (C:\Users\swapn\OneDrive\Desktop\vertigo-ai\node_modules\nodemailer\lib\smtp-connection\index.js:809:19)
    at SMTPConnection._actionAUTHComplete (C:\Users\swapn\OneDrive\Desktop\vertigo-ai\node_modules\nodemailer\lib\smtp-connection\index.js:1588:34)
    at SMTPConnection.<anonymous> (C:\Users\swapn\OneDrive\Desktop\vertigo-ai\node_modules\nodemailer\lib\smtp-connection\index.js:556:26)
    at SMTPConnection._processResponse (C:\Users\swapn\OneDrive\Desktop\vertigo-ai\node_modules\nodemailer\lib\smtp-connection\index.js:993:20)
    at SMTPConnection._onData (C:\Users\swapn\OneDrive\Desktop\vertigo-ai\node_modules\nodemailer\lib\smtp-connection\index.js:774:14)
    at TLSSocket.SMTPConnection._onSocketData (C:\Users\swapn\OneDrive\Desktop\vertigo-ai\node_modules\nodemailer\lib\smtp-connection\index.js:195:44)
    at TLSSocket.emit (node:events:508:28)
    at addChunk (node:internal/streams/readable:559:12)
    at readableAddChunkPushByteMode (node:internal/streams/readable:510:3)
    at TLSSocket.Readable.push (node:internal/streams/readable:390:5)
[2026-07-10 20:49:07:497] [ERROR]  ❌ Failed to send email to [test_integration5@vertigo.ai]: Invalid login: 535 5.7.0 Invalid credentials
Error: Invalid login: 535 5.7.0 Invalid credentials
    at SMTPConnection._formatError (C:\Users\swapn\OneDrive\Desktop\vertigo-ai\node_modules\nodemailer\lib\smtp-connection\index.js:809:19)
    at SMTPConnection._actionAUTHComplete (C:\Users\swapn\OneDrive\Desktop\vertigo-ai\node_modules\nodemailer\lib\smtp-connection\index.js:1588:34)
    at SMTPConnection.<anonymous> (C:\Users\swapn\OneDrive\Desktop\vertigo-ai\node_modules\nodemailer\lib\smtp-connection\index.js:556:26)
    at SMTPConnection._processResponse (C:\Users\swapn\OneDrive\Desktop\vertigo-ai\node_modules\nodemailer\lib\smtp-connection\index.js:993:20)
    at SMTPConnection._onData (C:\Users\swapn\OneDrive\Desktop\vertigo-ai\node_modules\nodemailer\lib\smtp-connection\index.js:774:14)
    at TLSSocket.SMTPConnection._onSocketData (C:\Users\swapn\OneDrive\Desktop\vertigo-ai\node_modules\nodemailer\lib\smtp-connection\index.js:195:44)
    at TLSSocket.emit (node:events:508:28)
    at addChunk (node:internal/streams/readable:559:12)
    at readableAddChunkPushByteMode (node:internal/streams/readable:510:3)
    at TLSSocket.Readable.push (node:internal/streams/readable:390:5)
[2026-07-10 20:50:19:5019] [ERROR]  ❌ Failed to send email to [swapnanilrick10@gmail.com]: Invalid login: 535 5.7.0 Invalid credentials
Error: Invalid login: 535 5.7.0 Invalid credentials
    at SMTPConnection._formatError (C:\Users\swapn\OneDrive\Desktop\vertigo-ai\node_modules\nodemailer\lib\smtp-connection\index.js:809:19)
    at SMTPConnection._actionAUTHComplete (C:\Users\swapn\OneDrive\Desktop\vertigo-ai\node_modules\nodemailer\lib\smtp-connection\index.js:1588:34)
    at SMTPConnection.<anonymous> (C:\Users\swapn\OneDrive\Desktop\vertigo-ai\node_modules\nodemailer\lib\smtp-connection\index.js:556:26)
    at SMTPConnection._processResponse (C:\Users\swapn\OneDrive\Desktop\vertigo-ai\node_modules\nodemailer\lib\smtp-connection\index.js:993:20)
    at SMTPConnection._onData (C:\Users\swapn\OneDrive\Desktop\vertigo-ai\node_modules\nodemailer\lib\smtp-connection\index.js:774:14)
    at TLSSocket.SMTPConnection._onSocketData (C:\Users\swapn\OneDrive\Desktop\vertigo-ai\node_modules\nodemailer\lib\smtp-connection\index.js:195:44)
    at TLSSocket.emit (node:events:508:28)
    at addChunk (node:internal/streams/readable:559:12)
    at readableAddChunkPushByteMode (node:internal/streams/readable:510:3)
    at TLSSocket.Readable.push (node:internal/streams/readable:390:5)
[2026-07-11 01:07:49:749] [ERROR]  ❌ Failed to send email to [test@example.com]: Invalid login: 535 5.7.0 Invalid credentials
Error: Invalid login: 535 5.7.0 Invalid credentials
    at SMTPConnection._formatError (C:\Users\swapn\OneDrive\Desktop\vertigo-ai\node_modules\nodemailer\lib\smtp-connection\index.js:809:19)
    at SMTPConnection._actionAUTHComplete (C:\Users\swapn\OneDrive\Desktop\vertigo-ai\node_modules\nodemailer\lib\smtp-connection\index.js:1588:34)
    at SMTPConnection.<anonymous> (C:\Users\swapn\OneDrive\Desktop\vertigo-ai\node_modules\nodemailer\lib\smtp-connection\index.js:556:26)
    at SMTPConnection._processResponse (C:\Users\swapn\OneDrive\Desktop\vertigo-ai\node_modules\nodemailer\lib\smtp-connection\index.js:993:20)
    at SMTPConnection._onData (C:\Users\swapn\OneDrive\Desktop\vertigo-ai\node_modules\nodemailer\lib\smtp-connection\index.js:774:14)
    at TLSSocket.SMTPConnection._onSocketData (C:\Users\swapn\OneDrive\Desktop\vertigo-ai\node_modules\nodemailer\lib\smtp-connection\index.js:195:44)
    at TLSSocket.emit (node:events:508:28)
    at addChunk (node:internal/streams/readable:559:12)
    at readableAddChunkPushByteMode (node:internal/streams/readable:510:3)
    at TLSSocket.Readable.push (node:internal/streams/readable:390:5)
[2026-07-11 01:27:01:271] [ERROR]  ❌ Failed to send email to [swapnanilrick10@gmail.com]: Invalid login: 535 5.7.0 Invalid credentials
Error: Invalid login: 535 5.7.0 Invalid credentials
    at SMTPConnection._formatError (C:\Users\swapn\OneDrive\Desktop\vertigo-ai\node_modules\nodemailer\lib\smtp-connection\index.js:809:19)
    at SMTPConnection._actionAUTHComplete (C:\Users\swapn\OneDrive\Desktop\vertigo-ai\node_modules\nodemailer\lib\smtp-connection\index.js:1588:34)
    at SMTPConnection.<anonymous> (C:\Users\swapn\OneDrive\Desktop\vertigo-ai\node_modules\nodemailer\lib\smtp-connection\index.js:556:26)
    at SMTPConnection._processResponse (C:\Users\swapn\OneDrive\Desktop\vertigo-ai\node_modules\nodemailer\lib\smtp-connection\index.js:993:20)
    at SMTPConnection._onData (C:\Users\swapn\OneDrive\Desktop\vertigo-ai\node_modules\nodemailer\lib\smtp-connection\index.js:774:14)
    at TLSSocket.SMTPConnection._onSocketData (C:\Users\swapn\OneDrive\Desktop\vertigo-ai\node_modules\nodemailer\lib\smtp-connection\index.js:195:44)
    at TLSSocket.emit (node:events:508:28)
    at addChunk (node:internal/streams/readable:559:12)
    at readableAddChunkPushByteMode (node:internal/streams/readable:510:3)
    at TLSSocket.Readable.push (node:internal/streams/readable:390:5)
[2026-07-11 01:40:44:4044] [ERROR]  [Resend] Delivery attempt 3/3 encountered error: The gmail.com domain is not verified. Please, add and verify your domain on https://resend.com/domains
[2026-07-11 01:40:44:4044] [ERROR]  [Resend] Internal API failure details: Name=validation_error, Message=The gmail.com domain is not verified. Please, add and verify your domain on https://resend.com/domains
[2026-07-11 01:42:53:4253] [ERROR]  [Resend] Delivery attempt 3/3 encountered error: The gmail.com domain is not verified. Please, add and verify your domain on https://resend.com/domains
[2026-07-11 01:42:53:4253] [ERROR]  [Resend] Internal API failure details: Name=validation_error, Message=The gmail.com domain is not verified. Please, add and verify your domain on https://resend.com/domains
[2026-07-11 09:46:26:4626] [ERROR]  [Resend] Delivery attempt 3/3 encountered error: The gmail.com domain is not verified. Please, add and verify your domain on https://resend.com/domains
[2026-07-11 09:46:26:4626] [ERROR]  [Resend] Internal API failure details: Name=validation_error, Message=The gmail.com domain is not verified. Please, add and verify your domain on https://resend.com/domains
[2026-07-11 09:46:26:4626] [ERROR] [ReqID: e9822b02-e8d3-4dd3-b1a4-41da5f1d5762] AppError: Email delivery is misconfigured on the server (invalid sender domain). Please contact system admin.
Error: Email delivery is misconfigured on the server (invalid sender domain). Please contact system admin.
    at EmailService.handleResendError (C:\Users\swapn\OneDrive\Desktop\vertigo-ai\src\services\email.service.ts:127:14)
    at EmailService.sendOtp (C:\Users\swapn\OneDrive\Desktop\vertigo-ai\src\services\email.service.ts:76:18)
    at processTicksAndRejections (node:internal/process/task_queues:103:5)
    at OtpService.sendVerificationOtp (C:\Users\swapn\OneDrive\Desktop\vertigo-ai\src\services\otp.service.ts:54:7)
    at signup (C:\Users\swapn\OneDrive\Desktop\vertigo-ai\src\controllers\auth.controller.ts:98:5)
[2026-07-11 09:47:35:4735] [ERROR]  [Resend] Delivery attempt 3/3 encountered error: The gmail.com domain is not verified. Please, add and verify your domain on https://resend.com/domains
[2026-07-11 09:48:00:480] [ERROR]  [Resend] Delivery attempt 3/3 encountered error: The gmail.com domain is not verified. Please, add and verify your domain on https://resend.com/domains
[2026-07-11 09:48:00:480] [ERROR]  [EmailService] Failed to send Welcome email to [alex.test@vertigo.ai]: The gmail.com domain is not verified. Please, add and verify your domain on https://resend.com/domains
[2026-07-11 09:48:13:4813] [ERROR]  [Resend] Delivery attempt 3/3 encountered error: The gmail.com domain is not verified. Please, add and verify your domain on https://resend.com/domains
[2026-07-11 09:53:27:5327] [ERROR]  ❌ [Google Auth Error] Token exchange failed with status 400. Details: {
  "error": "invalid_grant",
  "error_description": "Bad Request"
}
[2026-07-11 09:53:27:5327] [ERROR]  ❌ [Google Auth Hint] Authorization code has expired or was already used.
[2026-07-16 00:19:17:1917] [ERROR]  ❌ Failed to establish database connection on startup: 
Invalid `prisma.$runCommandRaw()` invocation:


Error occurred during query execution:
ConnectorError(ConnectorError { user_facing_error: None, kind: AuthenticationFailed { user: "SCRAM failure: bad auth : authentication failed" }, transient: false })
PrismaClientUnknownRequestError: 
Invalid `prisma.$runCommandRaw()` invocation:


Error occurred during query execution:
ConnectorError(ConnectorError { user_facing_error: None, kind: AuthenticationFailed { user: "SCRAM failure: bad auth : authentication failed" }, transient: false })
    at $n.handleRequestError (C:\Users\swapn\OneDrive\Desktop\vertigo-ai\node_modules\@prisma\client\runtime\library.js:121:7505)
    at $n.handleAndLogRequestError (C:\Users\swapn\OneDrive\Desktop\vertigo-ai\node_modules\@prisma\client\runtime\library.js:121:6623)
    at $n.request (C:\Users\swapn\OneDrive\Desktop\vertigo-ai\node_modules\@prisma\client\runtime\library.js:121:6307)
    at l (C:\Users\swapn\OneDrive\Desktop\vertigo-ai\node_modules\@prisma\client\runtime\library.js:130:9633)
    at Server.<anonymous> (C:\Users\swapn\OneDrive\Desktop\vertigo-ai\src\server.ts:12:5)
[2026-07-16 00:24:45:2445] [ERROR]  ❌ Failed to establish database connection on startup: 
Invalid `prisma.$runCommandRaw()` invocation:


Raw query failed. Code: `unknown`. Message: `Kind: Command failed: Error code 8000 (AtlasError): empty database name not allowed
	at 67396bde973c5aaa03fd2f26af47032c/atlasproxy/session_proxy.go:728
	at 67396bde973c5aaa03fd2f26af47032c/atlasproxy/session_proxy.go:1598
	at 67396bde973c5aaa03fd2f26af47032c/atlasproxy/session_proxy.go:1199
	at 67396bde973c5aaa03fd2f26af47032c/atlasproxy/session_proxy.go:1089
	at 10gen/mongonet@v0.0.0-20260618173014-b3cc872431aa/proxy_session.go:394
	at 10gen/mongonet@v0.0.0-20260618173014-b3cc872431aa/proxy_session.go:105
	at 10gen/mongonet@v0.0.0-20260618173014-b3cc872431aa/session.go:223
	at 10gen/mongonet@v0.0.0-20260618173014-b3cc872431aa/server.go:529
	at src/runtime/asm_arm64.s:1268, labels: {}`
PrismaClientKnownRequestError: 
Invalid `prisma.$runCommandRaw()` invocation:


Raw query failed. Code: `unknown`. Message: `Kind: Command failed: Error code 8000 (AtlasError): empty database name not allowed
	at 67396bde973c5aaa03fd2f26af47032c/atlasproxy/session_proxy.go:728
	at 67396bde973c5aaa03fd2f26af47032c/atlasproxy/session_proxy.go:1598
	at 67396bde973c5aaa03fd2f26af47032c/atlasproxy/session_proxy.go:1199
	at 67396bde973c5aaa03fd2f26af47032c/atlasproxy/session_proxy.go:1089
	at 10gen/mongonet@v0.0.0-20260618173014-b3cc872431aa/proxy_session.go:394
	at 10gen/mongonet@v0.0.0-20260618173014-b3cc872431aa/proxy_session.go:105
	at 10gen/mongonet@v0.0.0-20260618173014-b3cc872431aa/session.go:223
	at 10gen/mongonet@v0.0.0-20260618173014-b3cc872431aa/server.go:529
	at src/runtime/asm_arm64.s:1268, labels: {}`
    at $n.handleRequestError (C:\Users\swapn\OneDrive\Desktop\vertigo-ai\node_modules\@prisma\client\runtime\library.js:121:7315)
    at $n.handleAndLogRequestError (C:\Users\swapn\OneDrive\Desktop\vertigo-ai\node_modules\@prisma\client\runtime\library.js:121:6623)
    at $n.request (C:\Users\swapn\OneDrive\Desktop\vertigo-ai\node_modules\@prisma\client\runtime\library.js:121:6307)
    at l (C:\Users\swapn\OneDrive\Desktop\vertigo-ai\node_modules\@prisma\client\runtime\library.js:130:9633)
    at Server.<anonymous> (C:\Users\swapn\OneDrive\Desktop\vertigo-ai\src\server.ts:12:5)
[2026-07-16 18:22:02:222] [ERROR]  ❌ Failed to establish database connection on startup: 
Invalid `prisma.$runCommandRaw()` invocation:


Raw query failed. Code: `unknown`. Message: `Kind: Server selection timeout: No available servers. Topology: { Type: ReplicaSetNoPrimary, Set Name: atlas-zofrxs-shard-0, Servers: [ { Address: ac-y5uam2e-shard-00-00.tl7lpcw.mongodb.net:27017, Type: Unknown, Error: Kind: I/O error: received fatal alert: InternalError, labels: {} }, { Address: ac-y5uam2e-shard-00-01.tl7lpcw.mongodb.net:27017, Type: Unknown, Error: Kind: I/O error: received fatal alert: InternalError, labels: {} }, { Address: ac-y5uam2e-shard-00-02.tl7lpcw.mongodb.net:27017, Type: Unknown, Error: Kind: I/O error: received fatal alert: InternalError, labels: {} } ] }, labels: {}`
PrismaClientKnownRequestError: 
Invalid `prisma.$runCommandRaw()` invocation:


Raw query failed. Code: `unknown`. Message: `Kind: Server selection timeout: No available servers. Topology: { Type: ReplicaSetNoPrimary, Set Name: atlas-zofrxs-shard-0, Servers: [ { Address: ac-y5uam2e-shard-00-00.tl7lpcw.mongodb.net:27017, Type: Unknown, Error: Kind: I/O error: received fatal alert: InternalError, labels: {} }, { Address: ac-y5uam2e-shard-00-01.tl7lpcw.mongodb.net:27017, Type: Unknown, Error: Kind: I/O error: received fatal alert: InternalError, labels: {} }, { Address: ac-y5uam2e-shard-00-02.tl7lpcw.mongodb.net:27017, Type: Unknown, Error: Kind: I/O error: received fatal alert: InternalError, labels: {} } ] }, labels: {}`
    at $n.handleRequestError (C:\Users\swapn\OneDrive\Desktop\vertigo-ai\node_modules\@prisma\client\runtime\library.js:121:7315)
    at $n.handleAndLogRequestError (C:\Users\swapn\OneDrive\Desktop\vertigo-ai\node_modules\@prisma\client\runtime\library.js:121:6623)
    at $n.request (C:\Users\swapn\OneDrive\Desktop\vertigo-ai\node_modules\@prisma\client\runtime\library.js:121:6307)
    at l (C:\Users\swapn\OneDrive\Desktop\vertigo-ai\node_modules\@prisma\client\runtime\library.js:130:9633)
    at Server.<anonymous> (C:\Users\swapn\OneDrive\Desktop\vertigo-ai\src\server.ts:12:5)
[2026-07-16 18:23:47:2347] [ERROR]  ❌ [Google Auth Error] Unexpected failure during Google OAuth process: 
Invalid `prisma.user.findUnique()` invocation in
C:\Users\swapn\OneDrive\Desktop\vertigo-ai\src\repositories\user.repository.ts:14:24

  11 }
  12 
  13 async findByGoogleId(googleId: string): Promise<User | null> {
→ 14   return prisma.user.findUnique(
Raw query failed. Code: `unknown`. Message: `Kind: Server selection timeout: No available servers. Topology: { Type: ReplicaSetNoPrimary, Set Name: atlas-zofrxs-shard-0, Servers: [ { Address: ac-y5uam2e-shard-00-00.tl7lpcw.mongodb.net:27017, Type: Unknown, Error: Kind: I/O error: received fatal alert: InternalError, labels: {} }, { Address: ac-y5uam2e-shard-00-01.tl7lpcw.mongodb.net:27017, Type: Unknown, Error: Kind: I/O error: received fatal alert: InternalError, labels: {} }, { Address: ac-y5uam2e-shard-00-02.tl7lpcw.mongodb.net:27017, Type: Unknown, Error: Kind: I/O error: received fatal alert: InternalError, labels: {} } ] }, labels: {}`
PrismaClientKnownRequestError: 
Invalid `prisma.user.findUnique()` invocation in
C:\Users\swapn\OneDrive\Desktop\vertigo-ai\src\repositories\user.repository.ts:14:24

  11 }
  12 
  13 async findByGoogleId(googleId: string): Promise<User | null> {
→ 14   return prisma.user.findUnique(
Raw query failed. Code: `unknown`. Message: `Kind: Server selection timeout: No available servers. Topology: { Type: ReplicaSetNoPrimary, Set Name: atlas-zofrxs-shard-0, Servers: [ { Address: ac-y5uam2e-shard-00-00.tl7lpcw.mongodb.net:27017, Type: Unknown, Error: Kind: I/O error: received fatal alert: InternalError, labels: {} }, { Address: ac-y5uam2e-shard-00-01.tl7lpcw.mongodb.net:27017, Type: Unknown, Error: Kind: I/O error: received fatal alert: InternalError, labels: {} }, { Address: ac-y5uam2e-shard-00-02.tl7lpcw.mongodb.net:27017, Type: Unknown, Error: Kind: I/O error: received fatal alert: InternalError, labels: {} } ] }, labels: {}`
    at $n.handleRequestError (C:\Users\swapn\OneDrive\Desktop\vertigo-ai\node_modules\@prisma\client\runtime\library.js:121:7315)
    at $n.handleAndLogRequestError (C:\Users\swapn\OneDrive\Desktop\vertigo-ai\node_modules\@prisma\client\runtime\library.js:121:6623)
    at $n.request (C:\Users\swapn\OneDrive\Desktop\vertigo-ai\node_modules\@prisma\client\runtime\library.js:121:6307)
    at l (C:\Users\swapn\OneDrive\Desktop\vertigo-ai\node_modules\@prisma\client\runtime\library.js:130:9633)
    at GoogleSyncService.syncGoogleUser (C:\Users\swapn\OneDrive\Desktop\vertigo-ai\src\services\google-sync.service.ts:32:24)
    at googleCallback (C:\Users\swapn\OneDrive\Desktop\vertigo-ai\src\controllers\auth.controller.ts:502:20)
[2026-07-16 18:24:33:2433] [ERROR]  ❌ [Google Auth Error] Unexpected failure during Google OAuth process: 
Invalid `prisma.user.findUnique()` invocation in
C:\Users\swapn\OneDrive\Desktop\vertigo-ai\src\repositories\user.repository.ts:14:24

  11 }
  12 
  13 async findByGoogleId(googleId: string): Promise<User | null> {
→ 14   return prisma.user.findUnique(
Raw query failed. Code: `unknown`. Message: `Kind: Server selection timeout: No available servers. Topology: { Type: ReplicaSetNoPrimary, Set Name: atlas-zofrxs-shard-0, Servers: [ { Address: ac-y5uam2e-shard-00-00.tl7lpcw.mongodb.net:27017, Type: Unknown, Error: Kind: I/O error: received fatal alert: InternalError, labels: {} }, { Address: ac-y5uam2e-shard-00-01.tl7lpcw.mongodb.net:27017, Type: Unknown, Error: Kind: I/O error: received fatal alert: InternalError, labels: {} }, { Address: ac-y5uam2e-shard-00-02.tl7lpcw.mongodb.net:27017, Type: Unknown, Error: Kind: I/O error: received fatal alert: InternalError, labels: {} } ] }, labels: {}`
PrismaClientKnownRequestError: 
Invalid `prisma.user.findUnique()` invocation in
C:\Users\swapn\OneDrive\Desktop\vertigo-ai\src\repositories\user.repository.ts:14:24

  11 }
  12 
  13 async findByGoogleId(googleId: string): Promise<User | null> {
→ 14   return prisma.user.findUnique(
Raw query failed. Code: `unknown`. Message: `Kind: Server selection timeout: No available servers. Topology: { Type: ReplicaSetNoPrimary, Set Name: atlas-zofrxs-shard-0, Servers: [ { Address: ac-y5uam2e-shard-00-00.tl7lpcw.mongodb.net:27017, Type: Unknown, Error: Kind: I/O error: received fatal alert: InternalError, labels: {} }, { Address: ac-y5uam2e-shard-00-01.tl7lpcw.mongodb.net:27017, Type: Unknown, Error: Kind: I/O error: received fatal alert: InternalError, labels: {} }, { Address: ac-y5uam2e-shard-00-02.tl7lpcw.mongodb.net:27017, Type: Unknown, Error: Kind: I/O error: received fatal alert: InternalError, labels: {} } ] }, labels: {}`
    at $n.handleRequestError (C:\Users\swapn\OneDrive\Desktop\vertigo-ai\node_modules\@prisma\client\runtime\library.js:121:7315)
    at $n.handleAndLogRequestError (C:\Users\swapn\OneDrive\Desktop\vertigo-ai\node_modules\@prisma\client\runtime\library.js:121:6623)
    at $n.request (C:\Users\swapn\OneDrive\Desktop\vertigo-ai\node_modules\@prisma\client\runtime\library.js:121:6307)
    at l (C:\Users\swapn\OneDrive\Desktop\vertigo-ai\node_modules\@prisma\client\runtime\library.js:130:9633)
    at GoogleSyncService.syncGoogleUser (C:\Users\swapn\OneDrive\Desktop\vertigo-ai\src\services\google-sync.service.ts:32:24)
    at googleCallback (C:\Users\swapn\OneDrive\Desktop\vertigo-ai\src\controllers\auth.controller.ts:502:20)
